<html>
<body>
<pre>
<h1>µVision Build Log</h1>
<h2>Tool Versions:</h2>
IDE-Version: ¦ÌVision V5.14.0.0
Copyright (C) 2015 ARM Ltd and ARM Germany GmbH. All rights reserved.
License Information: 12 123, 123, LIC=14HV2-9GWFS-639MB-2I95D-2HWE3-UA8M9
 
Tool Versions:
Toolchain:       MDK-ARM Standard  Version: 5.14.0.0
Toolchain Path:  C:\Keil_v5\ARM\ARMCC\Bin
C Compiler:      Armcc.exe V5.05 update 1 (build 106)
Assembler:       Armasm.exe V5.05 update 1 (build 106)
Linker/Locator:  ArmLink.exe V5.05 update 1 (build 106)
Library Manager: ArmAr.exe V5.05 update 1 (build 106)
Hex Converter:   FromElf.exe V5.05 update 1 (build 106)
CPU DLL:         SARMCM3.DLL V5.14.0.0
Dialog DLL:      DCM.DLL V1.13.1.0
Target DLL:      STLink\ST-LINKIII-KEIL_SWO.dll V2.0.14.0_KEIL
Dialog DLL:      TCM.DLL V1.14.4.0
 
<h2>Project:</h2>
C:\Users\Resum\Desktop\SPI_USART\USER\Template.uvprojx
Project File Date:  10/08/2020

<h2>Output:</h2>
Build target 'Template'
compiling main.c...
main.c(15): warning:  #177-D: variable "irq_flag" was declared but never referenced
        u8 irq_flag,gifr;
main.c(15): warning:  #177-D: variable "gifr" was declared but never referenced
        u8 irq_flag,gifr;
main.c(16): warning:  #177-D: variable "aaa" was declared but never referenced
         int aaa=0x32;
main.c(17): warning:  #177-D: variable "rx" was declared but never referenced
         uint8_t rx ;
main.c(18): warning:  #177-D: variable "dat2" was declared but never referenced
    unsigned char dat1,dat2,sendbuf[256]={0x2B,0x2B,0x2B },readbuf[256];
main.c(19): warning:  #177-D: variable "len" was declared but never referenced
        int i,len,scr;
main.c(19): warning:  #177-D: variable "scr" was declared but never referenced
        int i,len,scr;
main.c: 7 warnings, 0 errors
compiling usart.c...
linking...
Program Size: Code=9180 RO-data=468 RW-data=68 ZI-data=1852  
FromELF: creating hex file...
"..\OBJ\Template.axf" - 0 Error(s), 7 Warning(s).

<h2>Collection of Component include folders:</h2>
  C:\Users\Resum\Desktop\SPI_USART\USER\RTE
  C:\Keil_v5\ARM\PACK\Keil\STM32F4xx_DFP\1.0.8\Device\Include

<h2>Collection of Component Files used:</h2>
</pre>
</body>
</html>
